# Licensed to the Apache Software Foundation (ASF) under one or more
# contributor license agreements.  See the NOTICE file distributed with
# this work for additional information regarding copyright ownership.
# The ASF licenses this file to You under the Apache License, Version 2.0
# (the "License"); you may not use this file except in compliance with
# the License.  You may obtain a copy of the License at
#
#     http://www.apache.org/licenses/LICENSE-2.0
#
# Unless required by applicable law or agreed to in writing, software
# distributed under the License is distributed on an "AS IS" BASIS,
# WITHOUT WARRANTIES OR CONDITIONS OF ANY KIND, either express or implied.
# See the License for the specific language governing permissions and
# limitations under the License.

{{- contains . }}
- id: {{ b64enc "e2e::details.default" }}.1
  name: e2e::details.default
  group: e2e
  shortname: details.default
  layers:
    {{- contains .layers }}
    - MESH_DP
    - MESH
    {{- end }}
  normal: true
- id: {{ b64enc "e2e::istio-ingressgateway.istio-system" }}.1
  name: e2e::istio-ingressgateway.istio-system
  group: e2e
  shortname: istio-ingressgateway.istio-system
  layers:
    - MESH_DP
  normal: true
- id: {{ b64enc "e2e::productpage.default" }}.1
  name: e2e::productpage.default
  group: e2e
  shortname: productpage.default
  layers:
    {{- contains .layers }}
    - MESH_DP
    - MESH
    {{- end }}
  normal: true
- id: {{ b64enc "e2e::ratings.default" }}.1
  name: e2e::ratings.default
  group: e2e
  shortname: ratings.default
  layers:
    {{- contains .layers }}
    - MESH_DP
    - MESH
    {{- end }}
  normal: true
- id: {{ b64enc "e2e::reviews.default" }}.1
  name: e2e::reviews.default
  group: e2e
  shortname: reviews.default
  layers:
    {{- contains .layers }}
    - MESH_DP
    - MESH
    {{- end }}
  normal: true
- id: {{ b64enc "e2e::istio-egressgateway.istio-system" }}.1
  name: e2e::istio-egressgateway.istio-system
  group: e2e
  shortname: istio-egressgateway.istio-system
  layers:
    - MESH_DP
  normal: true
{{- end }}