# Licensed to the Apache Software Foundation (ASF) under one or more
# contributor license agreements.  See the NOTICE file distributed with
# this work for additional information regarding copyright ownership.
# The ASF licenses this file to You under the Apache License, Version 2.0
# (the "License"); you may not use this file except in compliance with
# the License.  You may obtain a copy of the License at
#
#     http://www.apache.org/licenses/LICENSE-2.0
#
# Unless required by applicable law or agreed to in writing, software
# distributed under the License is distributed on an "AS IS" BASIS,
# WITHOUT WARRANTIES OR CONDITIONS OF ANY KIND, either express or implied.
# See the License for the specific language governing permissions and
# limitations under the License.

{{- contains . }}
- id: {{ b64enc "default::details" }}.1
  name: default::details
  group: default
  shortname: details
  layers:
    {{- contains .layers }}
    - MESH_DP
    - MESH
    {{- end }}
  normal: true
- id: {{ b64enc "istio-system::istio-ingressgateway" }}.1
  name: istio-system::istio-ingressgateway
  group: istio-system
  shortname: istio-ingressgateway
  layers:
    - MESH_DP
  normal: true
- id: {{ b64enc "default::productpage" }}.1
  name: default::productpage
  group: default
  shortname: productpage
  layers:
    {{- contains .layers }}
    - MESH_DP
    - MESH
    {{- end }}
  normal: true
- id: {{ b64enc "default::ratings" }}.1
  name: default::ratings
  group: default
  shortname: ratings
  layers:
    {{- contains .layers }}
    - MESH_DP
    - MESH
    {{- end }}
  normal: true
- id: {{ b64enc "default::reviews" }}.1
  name: default::reviews
  group: default
  shortname: reviews
  layers:
    {{- contains .layers }}
    - MESH_DP
    - MESH
    {{- end }}
  normal: true
- id: {{ b64enc "istio-system::istio-egressgateway" }}.1
  name: istio-system::istio-egressgateway
  group: istio-system
  shortname: istio-egressgateway
  layers:
    - MESH_DP
  normal: true
{{- end }}