# Licensed to the Apache Software Foundation (ASF) under one or more
# contributor license agreements.  See the NOTICE file distributed with
# this work for additional information regarding copyright ownership.
# The ASF licenses this file to You under the Apache License, Version 2.0
# (the "License"); you may not use this file except in compliance with
# the License.  You may obtain a copy of the License at
#
#     http://www.apache.org/licenses/LICENSE-2.0
#
# Unless required by applicable law or agreed to in writing, software
# distributed under the License is distributed on an "AS IS" BASIS,
# WITHOUT WARRANTIES OR CONDITIONS OF ANY KIND, either express or implied.
# See the License for the specific language governing permissions and
# limitations under the License.

{{- contains . }}
- id: {{ notEmpty .id }}
  name: go2sky-instance
  serviceid: {{ b64enc "go2sky" }}.1
  servicename: go2sky
  instanceid: {{ b64enc "go2sky" }}.1_{{ b64enc "go2sky-instance" }}
  instancename: go2sky-instance
  agentid: {{ notEmpty .agentid }}
  detecttype: VM
  attributes:
    {{- contains .attributes }}
    - name: host_ip
      value: {{ notEmpty .value }}
    - name: pid
      value: {{ notEmpty .value }}
    - name: command_line
      value: /main --grpc --oap-server oap:11800
    - name: support_ebpf_profiling
      value: true
    {{- end }}
  labels:
    - e2e-label
{{- end }}